(cloud-infra-platform) PS C:\Users\SamuelK\Desktop\infra-platform> .\.venv\Scripts\mkdocs.exe serve -a 127.0.0.1:8011 --dirty -w .\docs -w .\mkdocs.yml -v
DEBUG   -  Loading configuration file: C:\Users\SamuelK\Desktop\infra-platform\mkdocs.yml

 │  ⚠  Warning from the Material for MkDocs team
 │
 │  MkDocs 2.0, the underlying framework of Material for MkDocs,
 │  will introduce backward-incompatible changes, including:
 │
 │  × All plugins will stop working – the plugin system has been removed
 │  × All theme overrides will break – the theming system has been rewritten
 │  × No migration path exists – existing projects cannot be upgraded
 │  × Closed contribution model – community members can't report bugs
 │  × Currently unlicensed – unsuitable for production use
 │
 │  Our full analysis:
 │
 │  https://squidfunk.github.io/mkdocs-material/blog/2026/02/18/mkdocs-2.0/

DEBUG   -  Loaded theme configuration for 'material' from 'C:\Users\SamuelK\Desktop\infra-platform\.venv\Lib\site-packages\material\templates\mkdocs_theme.yml': {'language': 'en',
           'direction': None, 'features': [], 'font': {'text': 'Roboto', 'code': 'Roboto Mono'}, 'icon': None, 'favicon': 'assets/images/favicon.png', 'static_templates': ['404.html']}
DEBUG   -  Config value 'config_file_path' = 'C:\\Users\\SamuelK\\Desktop\\infra-platform\\mkdocs.yml'
DEBUG   -  Config value 'site_name' = 'Cloud Infra Deployment Platform'
DEBUG   -  Config value 'nav' = [{'Home': 'index.md'}, {'Project': [{'Overview': '00_project_overview.md'}, {'Architecture': '01_architecture.md'}, {'Schedule 13+3':
           '02_schedule_13_plus_3.md'}, {'Roles and Work Packages': '03_roles_and_work_packages.md'}, {'Implementation Scope': '04_implementation_scope.md'}, {'Security Policy':
           '05_security_policy.md'}, {'Demo Presentation Plan': '06_demo_presentation_plan.md'}, {'Definition of Done': '07_definition_of_done.md'}, {'Risk Register':
           '08_risk_register.md'}, {'Cleanup Plan': '09_cleanup_plan.md'}]}, {'Team Operations': [{'Commit Strategy': '10_commit_strategy.md'}, {'GitHub Setup': '11_github_setup.md'},
           {'Repository Sharing Policy': '12_repository_sharing_policy.md'}, {'Environment Setup': 'ENVIRONMENT_SETUP.md'}]}, {'Reviews and History': [{'Ceph Usage Strategy':
           '13_ceph_usage_strategy.md'}, {'Existing Project Comparison': '14_existing_project_comparison.md'}, {'Structure Review': '15_structure_review.md'}, {'Change Log':
           '16_change_log.md'}]}, {'Collaboration and Quality': [{'AI Collaboration Guide': '17_ai_collaboration_guide.md'}, {'Quality Checks': '18_quality_checks.md'}, {'Tool
           Troubleshooting': '19_tool_troubleshooting.md'}, {'MkDocs Guide': '20_mkdocs_guide.md'}, {'Team Decision Checklist': '21_team_decision_checklist.md'}, {'Glossary':
           '22_glossary.md'}]}, {'Architecture Build-up': [{'Guide': 'architecture/build-up/README.md'}, {'Network / IaC': [{'Scope': 'architecture/build-up/01_network_iac.md'},
           {'Implementation': 'architecture/build-up/01_network_iac_implementation.md'}]}, {'DB / Storage': [{'Scope': 'architecture/build-up/02_db_storage.md'}, {'Implementation':
           'architecture/build-up/02_db_storage_implementation.md'}]}, {'CI/CD / App Runtime': [{'Scope': 'architecture/build-up/03_cicd_app_runtime.md'}, {'Implementation':
           'architecture/build-up/03_cicd_app_runtime_implementation.md'}]}, {'Observability / Demo': [{'Scope': 'architecture/build-up/04_observability_demo.md'}, {'Implementation':
           'architecture/build-up/04_observability_demo_implementation.md'}]}, {'Presentation / Handover': [{'Scope': 'architecture/build-up/05_presentation_handover.md'},
           {'Implementation': 'architecture/build-up/05_presentation_handover_implementation.md'}]}]}, {'Runbooks': [{'Deployment': 'runbooks/deployment.md'}, {'Rollback':
           'runbooks/rollback.md'}, {'Monitoring': 'runbooks/monitoring.md'}, {'Database and Storage': 'runbooks/database_storage.md'}, {'Incident Scenarios':
           'runbooks/incident_scenarios.md'}]}, {'Presentation': [{'Outline': 'presentation/outline.md'}, {'Slides': 'presentation/presentation.md'}, {'Demo Script':
           'presentation/demo_script.md'}, {'Q&A': 'presentation/qna.md'}]}, {'Decisions': [{'Summary': 'architecture/decisions/README.md'}, {'Superseded ECS Fargate MVP':
           'architecture/decisions/ADR-001-ecs-fargate-mvp.md'}, {'RDS Exclusion and PXC/ProxySQL': 'architecture/decisions/ADR-002-rds-exclusion-pxc-proxysql.md'}, {'ProxySQL Single
           Node MVP': 'architecture/decisions/ADR-003-proxysql-single-node-mvp.md'}, {'Proxmox Ceph Storage Role': 'architecture/decisions/ADR-004-proxmox-ceph-storage-role.md'},
           {'GitHub Actions OIDC': 'architecture/decisions/ADR-005-github-actions-oidc.md'}, {'MkDocs Navigation': 'architecture/decisions/ADR-006-mkdocs-docs-navigation.md'},
           {'Cost-first Hybrid Kubernetes Burst': 'architecture/decisions/ADR-007-hybrid-kubernetes-cloud-bursting.md'}, {'Argo CD GitOps MVP':
           'architecture/decisions/ADR-008-argocd-gitops-mvp.md'}]}]
DEBUG   -  Config value 'pages' = None
DEBUG   -  Config value 'exclude_docs' = None
DEBUG   -  Config value 'draft_docs' = None
DEBUG   -  Config value 'not_in_nav' = None
DEBUG   -  Config value 'site_url' = None
DEBUG   -  Config value 'site_description' = '13+3 day cost-first hybrid cloud infrastructure project documentation'
DEBUG   -  Config value 'site_author' = None
DEBUG   -  Config value 'theme' = Theme(name='material', dirs=['C:\\Users\\SamuelK\\Desktop\\infra-platform\\.venv\\Lib\\site-packages\\material\\templates',
           'C:\\Users\\SamuelK\\Desktop\\infra-platform\\.venv\\Lib\\site-packages\\mkdocs\\templates'], static_templates={'sitemap.xml', '404.html'}, name='material',
           locale=Locale('en'), language='ko', direction=None, features=['navigation.sections', 'navigation.indexes', 'navigation.top', 'content.code.copy'], font={'text': 'Roboto',
           'code': 'Roboto Mono'}, icon=None, favicon='assets/images/favicon.png')
DEBUG   -  Config value 'docs_dir' = 'C:\\Users\\SamuelK\\Desktop\\infra-platform\\docs'
DEBUG   -  Config value 'site_dir' = 'C:\\Users\\SamuelK\\AppData\\Local\\Temp\\mkdocs_32tvqd6b'
DEBUG   -  Config value 'copyright' = None
DEBUG   -  Config value 'google_analytics' = None
DEBUG   -  Config value 'dev_addr' = _IpAddressValue(host='127.0.0.1', port=8011)
DEBUG   -  Config value 'use_directory_urls' = True
DEBUG   -  Config value 'repo_url' = None
DEBUG   -  Config value 'repo_name' = 'infra-platform'
DEBUG   -  Config value 'edit_uri_template' = None
DEBUG   -  Config value 'edit_uri' = None
DEBUG   -  Config value 'extra_css' = []
DEBUG   -  Config value 'extra_javascript' = []
DEBUG   -  Config value 'extra_templates' = []
DEBUG   -  Config value 'markdown_extensions' = ['toc', 'tables', 'fenced_code', 'admonition', 'attr_list', 'def_list', 'md_in_html', 'pymdownx.details', 'pymdownx.superfences']
DEBUG   -  Config value 'mdx_configs' = {'toc': {'permalink': True}, 'pymdownx.superfences': {'custom_fences': [{'name': 'mermaid', 'class': 'mermaid', 'format': <function
           fence_code_format at 0x0000024B7EABEB60>}]}}
DEBUG   -  Config value 'strict' = False
DEBUG   -  Config value 'remote_branch' = 'gh-pages'
DEBUG   -  Config value 'remote_name' = 'origin'
DEBUG   -  Config value 'extra' = {}
DEBUG   -  Config value 'plugins' = {'material/search': <material.plugins.search.plugin.SearchPlugin object at 0x0000024B7EB852B0>}
DEBUG   -  Config value 'hooks' = {}
DEBUG   -  Config value 'watch' = []
DEBUG   -  Config value 'validation' = {'nav': {'omitted_files': 20, 'not_found': 30, 'absolute_links': 20}, 'links': {'not_found': 30, 'absolute_links': 20, 'unrecognized_links': 20,
           'anchors': 20}}
DEBUG   -  Running `startup` event from plugin 'material/search'
INFO    -  Building documentation...
DEBUG   -  Running `config` event from plugin 'material/search'
DEBUG   -  Looking for translations for locale 'en'
DEBUG   -  No translations found here: 'C:\Users\SamuelK\Desktop\infra-platform\.venv\Lib\site-packages\mkdocs\templates\locales'
DEBUG   -  No translations found here: 'C:\Users\SamuelK\Desktop\infra-platform\.venv\Lib\site-packages\material\templates\locales'
DEBUG   -  Looking for translations for locale 'en'
DEBUG   -  No translations found here: 'C:\Users\SamuelK\Desktop\infra-platform\.venv\Lib\site-packages\mkdocs\templates\locales'
DEBUG   -  No translations found here: 'C:\Users\SamuelK\Desktop\infra-platform\.venv\Lib\site-packages\material\templates\locales'
DEBUG   -  Looking for translations for locale 'en'
DEBUG   -  No translations found here: 'C:\Users\SamuelK\Desktop\infra-platform\.venv\Lib\site-packages\mkdocs\templates\locales'
DEBUG   -  No translations found here: 'C:\Users\SamuelK\Desktop\infra-platform\.venv\Lib\site-packages\material\templates\locales'
WARNING -  A 'dirty' build is being performed, this will likely lead to inaccurate navigation and other links within your site. This option is designed for site development purposes
           only.
DEBUG   -  Looking for translations for locale 'en'
DEBUG   -  No translations found here: 'C:\Users\SamuelK\Desktop\infra-platform\.venv\Lib\site-packages\mkdocs\templates\locales'
DEBUG   -  No translations found here: 'C:\Users\SamuelK\Desktop\infra-platform\.venv\Lib\site-packages\material\templates\locales'
INFO    -  The following pages exist in the docs directory, but are not included in the "nav" configuration:
             - engineering\audits\master_health_audit.md
             - engineering\policies\backup_policy.md
             - engineering\policies\log_policy.md
             - engineering\standards\analysis_and_improvement.md
             - engineering\standards\aws_s3_cloudfront_strategy.md
             - engineering\standards\common_infra_elements.md
             - engineering\standards\hybrid_network_strategy.md
             - engineering\standards\infra_ha_strategy_analysis.md
             - engineering\standards\infra_inventory_management.md
             - engineering\standards\k8s_deployment_strategy.md
             - engineering\standards\poetry_to_uv_migration.md
             - engineering\standards\team_collaboration_and_expansion.md
             - operations\case_studies\20260321_github_push_protection.md
             - operations\case_studies\20260408_precommit_troubleshooting.md
             - operations\case_studies\20260414_windows_env_troubleshooting.md
             - operations\case_studies\20260427_pip_audit_vulnerability_fix.md
             - operations\playbooks\build\security_pipeline.md
             - operations\playbooks\build\storage_setup.md
             - operations\playbooks\dev\git_history_cleanup_guide.md
             - operations\playbooks\dev\git_hook_automation.md
             - operations\playbooks\ops\audit_system.md
             - operations\playbooks\ops\dependency_update_policy.md
             - operations\playbooks\ops\safe_upgrade.md
             - operations\playbooks\ops\ssh_onboarding.md
             - operations\playbooks\recovery\raid_rebuild.md
DEBUG   -  Reading markdown pages.
DEBUG   -  Reading: index.md
DEBUG   -  Reading: 00_project_overview.md
DEBUG   -  Reading: 01_architecture.md
DEBUG   -  Reading: 02_schedule_13_plus_3.md
DEBUG   -  Reading: 03_roles_and_work_packages.md
DEBUG   -  Reading: 04_implementation_scope.md
DEBUG   -  Reading: 05_security_policy.md
DEBUG   -  Reading: 06_demo_presentation_plan.md
DEBUG   -  Reading: 07_definition_of_done.md
DEBUG   -  Reading: 08_risk_register.md
DEBUG   -  Reading: 09_cleanup_plan.md
DEBUG   -  Reading: 10_commit_strategy.md
DEBUG   -  Reading: 11_github_setup.md
DEBUG   -  Reading: 12_repository_sharing_policy.md
DEBUG   -  Reading: 13_ceph_usage_strategy.md
DEBUG   -  Reading: 14_existing_project_comparison.md
DEBUG   -  Reading: 15_structure_review.md
DEBUG   -  Reading: 16_change_log.md
DEBUG   -  Reading: 17_ai_collaboration_guide.md
DEBUG   -  Reading: 18_quality_checks.md
DEBUG   -  Reading: 19_tool_troubleshooting.md
DEBUG   -  Reading: 20_mkdocs_guide.md
DEBUG   -  Reading: 21_team_decision_checklist.md
DEBUG   -  Reading: 22_glossary.md
DEBUG   -  Reading: ENVIRONMENT_SETUP.md
DEBUG   -  Reading: architecture/build-up/README.md
DEBUG   -  Reading: architecture/build-up/01_network_iac.md
DEBUG   -  Reading: architecture/build-up/01_network_iac_implementation.md
DEBUG   -  Reading: architecture/build-up/02_db_storage.md
DEBUG   -  Reading: architecture/build-up/02_db_storage_implementation.md
DEBUG   -  Reading: architecture/build-up/03_cicd_app_runtime.md
DEBUG   -  Reading: architecture/build-up/03_cicd_app_runtime_implementation.md
DEBUG   -  Reading: architecture/build-up/04_observability_demo.md
DEBUG   -  Reading: architecture/build-up/04_observability_demo_implementation.md
DEBUG   -  Reading: architecture/build-up/05_presentation_handover.md
DEBUG   -  Reading: architecture/build-up/05_presentation_handover_implementation.md
DEBUG   -  Reading: architecture/decisions/README.md
DEBUG   -  Reading: architecture/decisions/ADR-001-ecs-fargate-mvp.md
DEBUG   -  Reading: architecture/decisions/ADR-002-rds-exclusion-pxc-proxysql.md
DEBUG   -  Reading: architecture/decisions/ADR-003-proxysql-single-node-mvp.md
DEBUG   -  Reading: architecture/decisions/ADR-004-proxmox-ceph-storage-role.md
DEBUG   -  Reading: architecture/decisions/ADR-005-github-actions-oidc.md
DEBUG   -  Reading: architecture/decisions/ADR-006-mkdocs-docs-navigation.md
DEBUG   -  Reading: architecture/decisions/ADR-007-hybrid-kubernetes-cloud-bursting.md
DEBUG   -  Reading: architecture/decisions/ADR-008-argocd-gitops-mvp.md
DEBUG   -  Reading: engineering/audits/master_health_audit.md
DEBUG   -  Reading: engineering/policies/backup_policy.md
DEBUG   -  Reading: engineering/policies/log_policy.md
DEBUG   -  Reading: engineering/standards/analysis_and_improvement.md
DEBUG   -  Reading: engineering/standards/aws_s3_cloudfront_strategy.md
DEBUG   -  Reading: engineering/standards/common_infra_elements.md
DEBUG   -  Reading: engineering/standards/hybrid_network_strategy.md
DEBUG   -  Reading: engineering/standards/infra_ha_strategy_analysis.md
DEBUG   -  Reading: engineering/standards/infra_inventory_management.md
DEBUG   -  Reading: engineering/standards/k8s_deployment_strategy.md
WARNING -  Doc file 'engineering/standards/k8s_deployment_strategy.md' contains a link '../../labs/step7_cloud_native_ai/05_istio_sidecar/README.md', but the target
           'labs/step7_cloud_native_ai/05_istio_sidecar/README.md' is not found among documentation files.
DEBUG   -  Reading: engineering/standards/poetry_to_uv_migration.md
DEBUG   -  Reading: engineering/standards/team_collaboration_and_expansion.md
DEBUG   -  Reading: operations/case_studies/20260321_github_push_protection.md
DEBUG   -  Reading: operations/case_studies/20260408_precommit_troubleshooting.md
DEBUG   -  Reading: operations/case_studies/20260414_windows_env_troubleshooting.md
DEBUG   -  Reading: operations/case_studies/20260427_pip_audit_vulnerability_fix.md
DEBUG   -  Reading: operations/playbooks/build/security_pipeline.md
DEBUG   -  Reading: operations/playbooks/build/storage_setup.md
DEBUG   -  Reading: operations/playbooks/dev/git_history_cleanup_guide.md
DEBUG   -  Reading: operations/playbooks/dev/git_hook_automation.md
DEBUG   -  Reading: operations/playbooks/ops/audit_system.md
DEBUG   -  Reading: operations/playbooks/ops/dependency_update_policy.md
DEBUG   -  Reading: operations/playbooks/ops/safe_upgrade.md
DEBUG   -  Reading: operations/playbooks/ops/ssh_onboarding.md
DEBUG   -  Reading: operations/playbooks/recovery/raid_rebuild.md
DEBUG   -  Reading: presentation/demo_script.md
DEBUG   -  Reading: presentation/outline.md
DEBUG   -  Reading: presentation/presentation.md
DEBUG   -  Reading: presentation/qna.md
DEBUG   -  Reading: runbooks/database_storage.md
DEBUG   -  Reading: runbooks/deployment.md
DEBUG   -  Reading: runbooks/incident_scenarios.md
DEBUG   -  Reading: runbooks/monitoring.md
DEBUG   -  Reading: runbooks/rollback.md
DEBUG   -  Copying static assets.
DEBUG   -  Copying media file: 'assets/images/favicon.png'
DEBUG   -  Copying media file: 'assets/javascripts/bundle.79ae519e.min.js'
DEBUG   -  Copying media file: 'assets/javascripts/bundle.79ae519e.min.js.map'
DEBUG   -  Copying media file: 'assets/javascripts/lunr/min/lunr.ar.min.js'
DEBUG   -  Copying media file: 'assets/javascripts/lunr/min/lunr.da.min.js'
DEBUG   -  Copying media file: 'assets/javascripts/lunr/min/lunr.de.min.js'
DEBUG   -  Copying media file: 'assets/javascripts/lunr/min/lunr.du.min.js'
DEBUG   -  Copying media file: 'assets/javascripts/lunr/min/lunr.el.min.js'
DEBUG   -  Copying media file: 'assets/javascripts/lunr/min/lunr.es.min.js'
DEBUG   -  Copying media file: 'assets/javascripts/lunr/min/lunr.fi.min.js'
DEBUG   -  Copying media file: 'assets/javascripts/lunr/min/lunr.fr.min.js'
DEBUG   -  Copying media file: 'assets/javascripts/lunr/min/lunr.he.min.js'
DEBUG   -  Copying media file: 'assets/javascripts/lunr/min/lunr.hi.min.js'
DEBUG   -  Copying media file: 'assets/javascripts/lunr/min/lunr.hu.min.js'
DEBUG   -  Copying media file: 'assets/javascripts/lunr/min/lunr.hy.min.js'
DEBUG   -  Copying media file: 'assets/javascripts/lunr/min/lunr.it.min.js'
DEBUG   -  Copying media file: 'assets/javascripts/lunr/min/lunr.ja.min.js'
DEBUG   -  Copying media file: 'assets/javascripts/lunr/min/lunr.jp.min.js'
DEBUG   -  Copying media file: 'assets/javascripts/lunr/min/lunr.kn.min.js'
DEBUG   -  Copying media file: 'assets/javascripts/lunr/min/lunr.ko.min.js'
DEBUG   -  Copying media file: 'assets/javascripts/lunr/min/lunr.multi.min.js'
DEBUG   -  Copying media file: 'assets/javascripts/lunr/min/lunr.nl.min.js'
DEBUG   -  Copying media file: 'assets/javascripts/lunr/min/lunr.no.min.js'
DEBUG   -  Copying media file: 'assets/javascripts/lunr/min/lunr.pt.min.js'
DEBUG   -  Copying media file: 'assets/javascripts/lunr/min/lunr.ro.min.js'
DEBUG   -  Copying media file: 'assets/javascripts/lunr/min/lunr.ru.min.js'
DEBUG   -  Copying media file: 'assets/javascripts/lunr/min/lunr.sa.min.js'
DEBUG   -  Copying media file: 'assets/javascripts/lunr/min/lunr.stemmer.support.min.js'
DEBUG   -  Copying media file: 'assets/javascripts/lunr/min/lunr.sv.min.js'
DEBUG   -  Copying media file: 'assets/javascripts/lunr/min/lunr.ta.min.js'
DEBUG   -  Copying media file: 'assets/javascripts/lunr/min/lunr.te.min.js'
DEBUG   -  Copying media file: 'assets/javascripts/lunr/min/lunr.th.min.js'
DEBUG   -  Copying media file: 'assets/javascripts/lunr/min/lunr.tr.min.js'
DEBUG   -  Copying media file: 'assets/javascripts/lunr/min/lunr.vi.min.js'
DEBUG   -  Copying media file: 'assets/javascripts/lunr/min/lunr.zh.min.js'
DEBUG   -  Copying media file: 'assets/javascripts/lunr/tinyseg.js'
DEBUG   -  Copying media file: 'assets/javascripts/lunr/wordcut.js'
DEBUG   -  Copying media file: 'assets/javascripts/workers/search.2c215733.min.js'
DEBUG   -  Copying media file: 'assets/javascripts/workers/search.2c215733.min.js.map'
DEBUG   -  Copying media file: 'assets/stylesheets/main.484c7ddc.min.css'
DEBUG   -  Copying media file: 'assets/stylesheets/main.484c7ddc.min.css.map'
DEBUG   -  Copying media file: 'assets/stylesheets/palette.ab4e12ef.min.css'
DEBUG   -  Copying media file: 'assets/stylesheets/palette.ab4e12ef.min.css.map'
DEBUG   -  Building theme template: sitemap.xml
DEBUG   -  Gzipping template: sitemap.xml
DEBUG   -  Building theme template: 404.html
DEBUG   -  Building markdown pages.
DEBUG   -  Building page index.md
DEBUG   -  Running `page_context` event from plugin 'material/search'
DEBUG   -  Building page 00_project_overview.md
DEBUG   -  Running `page_context` event from plugin 'material/search'
DEBUG   -  Building page 01_architecture.md
DEBUG   -  Running `page_context` event from plugin 'material/search'
DEBUG   -  Building page 02_schedule_13_plus_3.md
DEBUG   -  Running `page_context` event from plugin 'material/search'
DEBUG   -  Building page 03_roles_and_work_packages.md
DEBUG   -  Running `page_context` event from plugin 'material/search'
DEBUG   -  Building page 04_implementation_scope.md
DEBUG   -  Running `page_context` event from plugin 'material/search'
DEBUG   -  Building page 05_security_policy.md
DEBUG   -  Running `page_context` event from plugin 'material/search'
DEBUG   -  Building page 06_demo_presentation_plan.md
DEBUG   -  Running `page_context` event from plugin 'material/search'
DEBUG   -  Building page 07_definition_of_done.md
DEBUG   -  Running `page_context` event from plugin 'material/search'
DEBUG   -  Building page 08_risk_register.md
DEBUG   -  Running `page_context` event from plugin 'material/search'
DEBUG   -  Building page 09_cleanup_plan.md
DEBUG   -  Running `page_context` event from plugin 'material/search'
DEBUG   -  Building page 10_commit_strategy.md
DEBUG   -  Running `page_context` event from plugin 'material/search'
DEBUG   -  Building page 11_github_setup.md
DEBUG   -  Running `page_context` event from plugin 'material/search'
DEBUG   -  Building page 12_repository_sharing_policy.md
DEBUG   -  Running `page_context` event from plugin 'material/search'
DEBUG   -  Building page 13_ceph_usage_strategy.md
DEBUG   -  Running `page_context` event from plugin 'material/search'
DEBUG   -  Building page 14_existing_project_comparison.md
DEBUG   -  Running `page_context` event from plugin 'material/search'
DEBUG   -  Building page 15_structure_review.md
DEBUG   -  Running `page_context` event from plugin 'material/search'
DEBUG   -  Building page 16_change_log.md
DEBUG   -  Running `page_context` event from plugin 'material/search'
DEBUG   -  Building page 17_ai_collaboration_guide.md
DEBUG   -  Running `page_context` event from plugin 'material/search'
DEBUG   -  Building page 18_quality_checks.md
DEBUG   -  Running `page_context` event from plugin 'material/search'
DEBUG   -  Building page 19_tool_troubleshooting.md
DEBUG   -  Running `page_context` event from plugin 'material/search'
DEBUG   -  Building page 20_mkdocs_guide.md
DEBUG   -  Running `page_context` event from plugin 'material/search'
DEBUG   -  Building page 21_team_decision_checklist.md
DEBUG   -  Running `page_context` event from plugin 'material/search'
DEBUG   -  Building page 22_glossary.md
DEBUG   -  Running `page_context` event from plugin 'material/search'
DEBUG   -  Building page ENVIRONMENT_SETUP.md
DEBUG   -  Running `page_context` event from plugin 'material/search'
DEBUG   -  Building page architecture/build-up/README.md
DEBUG   -  Running `page_context` event from plugin 'material/search'
DEBUG   -  Building page architecture/build-up/01_network_iac.md
DEBUG   -  Running `page_context` event from plugin 'material/search'
DEBUG   -  Building page architecture/build-up/01_network_iac_implementation.md
DEBUG   -  Running `page_context` event from plugin 'material/search'
DEBUG   -  Building page architecture/build-up/02_db_storage.md
DEBUG   -  Running `page_context` event from plugin 'material/search'
DEBUG   -  Building page architecture/build-up/02_db_storage_implementation.md
DEBUG   -  Running `page_context` event from plugin 'material/search'
DEBUG   -  Building page architecture/build-up/03_cicd_app_runtime.md
DEBUG   -  Running `page_context` event from plugin 'material/search'
DEBUG   -  Building page architecture/build-up/03_cicd_app_runtime_implementation.md
DEBUG   -  Running `page_context` event from plugin 'material/search'
DEBUG   -  Building page architecture/build-up/04_observability_demo.md
DEBUG   -  Running `page_context` event from plugin 'material/search'
DEBUG   -  Building page architecture/build-up/04_observability_demo_implementation.md
DEBUG   -  Running `page_context` event from plugin 'material/search'
DEBUG   -  Building page architecture/build-up/05_presentation_handover.md
DEBUG   -  Running `page_context` event from plugin 'material/search'
DEBUG   -  Building page architecture/build-up/05_presentation_handover_implementation.md
DEBUG   -  Running `page_context` event from plugin 'material/search'
DEBUG   -  Building page architecture/decisions/README.md
DEBUG   -  Running `page_context` event from plugin 'material/search'
DEBUG   -  Building page architecture/decisions/ADR-001-ecs-fargate-mvp.md
DEBUG   -  Running `page_context` event from plugin 'material/search'
DEBUG   -  Building page architecture/decisions/ADR-002-rds-exclusion-pxc-proxysql.md
DEBUG   -  Running `page_context` event from plugin 'material/search'
DEBUG   -  Building page architecture/decisions/ADR-003-proxysql-single-node-mvp.md
DEBUG   -  Running `page_context` event from plugin 'material/search'
DEBUG   -  Building page architecture/decisions/ADR-004-proxmox-ceph-storage-role.md
DEBUG   -  Running `page_context` event from plugin 'material/search'
DEBUG   -  Building page architecture/decisions/ADR-005-github-actions-oidc.md
DEBUG   -  Running `page_context` event from plugin 'material/search'
DEBUG   -  Building page architecture/decisions/ADR-006-mkdocs-docs-navigation.md
DEBUG   -  Running `page_context` event from plugin 'material/search'
DEBUG   -  Building page architecture/decisions/ADR-007-hybrid-kubernetes-cloud-bursting.md
DEBUG   -  Running `page_context` event from plugin 'material/search'
DEBUG   -  Building page architecture/decisions/ADR-008-argocd-gitops-mvp.md
DEBUG   -  Running `page_context` event from plugin 'material/search'
DEBUG   -  Building page engineering/audits/master_health_audit.md
DEBUG   -  Running `page_context` event from plugin 'material/search'
DEBUG   -  Building page engineering/policies/backup_policy.md
DEBUG   -  Running `page_context` event from plugin 'material/search'
DEBUG   -  Building page engineering/policies/log_policy.md
DEBUG   -  Running `page_context` event from plugin 'material/search'
DEBUG   -  Building page engineering/standards/analysis_and_improvement.md
DEBUG   -  Running `page_context` event from plugin 'material/search'
DEBUG   -  Building page engineering/standards/aws_s3_cloudfront_strategy.md
DEBUG   -  Running `page_context` event from plugin 'material/search'
DEBUG   -  Building page engineering/standards/common_infra_elements.md
DEBUG   -  Running `page_context` event from plugin 'material/search'
DEBUG   -  Building page engineering/standards/hybrid_network_strategy.md
DEBUG   -  Running `page_context` event from plugin 'material/search'
DEBUG   -  Building page engineering/standards/infra_ha_strategy_analysis.md
DEBUG   -  Running `page_context` event from plugin 'material/search'
DEBUG   -  Building page engineering/standards/infra_inventory_management.md
DEBUG   -  Running `page_context` event from plugin 'material/search'
DEBUG   -  Building page engineering/standards/k8s_deployment_strategy.md
DEBUG   -  Running `page_context` event from plugin 'material/search'
DEBUG   -  Building page engineering/standards/poetry_to_uv_migration.md
DEBUG   -  Running `page_context` event from plugin 'material/search'
DEBUG   -  Building page engineering/standards/team_collaboration_and_expansion.md
DEBUG   -  Running `page_context` event from plugin 'material/search'
DEBUG   -  Building page operations/case_studies/20260321_github_push_protection.md
DEBUG   -  Running `page_context` event from plugin 'material/search'
DEBUG   -  Building page operations/case_studies/20260408_precommit_troubleshooting.md
DEBUG   -  Running `page_context` event from plugin 'material/search'
DEBUG   -  Building page operations/case_studies/20260414_windows_env_troubleshooting.md
DEBUG   -  Running `page_context` event from plugin 'material/search'
DEBUG   -  Building page operations/case_studies/20260427_pip_audit_vulnerability_fix.md
DEBUG   -  Running `page_context` event from plugin 'material/search'
DEBUG   -  Building page operations/playbooks/build/security_pipeline.md
DEBUG   -  Running `page_context` event from plugin 'material/search'
DEBUG   -  Building page operations/playbooks/build/storage_setup.md
DEBUG   -  Running `page_context` event from plugin 'material/search'
DEBUG   -  Building page operations/playbooks/dev/git_history_cleanup_guide.md
DEBUG   -  Running `page_context` event from plugin 'material/search'
DEBUG   -  Building page operations/playbooks/dev/git_hook_automation.md
DEBUG   -  Running `page_context` event from plugin 'material/search'
DEBUG   -  Building page operations/playbooks/ops/audit_system.md
DEBUG   -  Running `page_context` event from plugin 'material/search'
DEBUG   -  Building page operations/playbooks/ops/dependency_update_policy.md
DEBUG   -  Running `page_context` event from plugin 'material/search'
DEBUG   -  Building page operations/playbooks/ops/safe_upgrade.md
DEBUG   -  Running `page_context` event from plugin 'material/search'
DEBUG   -  Building page operations/playbooks/ops/ssh_onboarding.md
DEBUG   -  Running `page_context` event from plugin 'material/search'
DEBUG   -  Building page operations/playbooks/recovery/raid_rebuild.md
DEBUG   -  Running `page_context` event from plugin 'material/search'
DEBUG   -  Building page presentation/demo_script.md
DEBUG   -  Running `page_context` event from plugin 'material/search'
DEBUG   -  Building page presentation/outline.md
DEBUG   -  Running `page_context` event from plugin 'material/search'
DEBUG   -  Building page presentation/presentation.md
DEBUG   -  Running `page_context` event from plugin 'material/search'
DEBUG   -  Building page presentation/qna.md
DEBUG   -  Running `page_context` event from plugin 'material/search'
DEBUG   -  Building page runbooks/database_storage.md
DEBUG   -  Running `page_context` event from plugin 'material/search'
DEBUG   -  Building page runbooks/deployment.md
DEBUG   -  Running `page_context` event from plugin 'material/search'
DEBUG   -  Building page runbooks/incident_scenarios.md
DEBUG   -  Running `page_context` event from plugin 'material/search'
DEBUG   -  Building page runbooks/monitoring.md
DEBUG   -  Running `page_context` event from plugin 'material/search'
DEBUG   -  Building page runbooks/rollback.md
DEBUG   -  Running `page_context` event from plugin 'material/search'
DEBUG   -  Running `post_build` event from plugin 'material/search'
INFO    -  Documentation built in 1.70 seconds
INFO    -  [16:53:15] Serving on http://127.0.0.1:8011/
